// Jest Snapshot v1, https://goo.gl/fbAQLP

exports[`Tests inside file GifGridItem.test.js 'GifGridItem' component must show correctly 1`] = `
<div
  className="card animate__animated animate__fadeInLeft"
>
  <img
    alt="Flying Harry Potter GIF by The Story Room"
    src="https://media2.giphy.com/media/26BRzozg4TCBXv6QU/giphy.gif?cid=cc01726bdlkfuc1159oizzekhpham5is3gzwae4myiqeygw2&rid=giphy.gif&ct=g"
  />
  <p>
    Flying Harry Potter GIF by The Story Room
  </p>
</div>
`;
